<html>
<body>
<pre>
<h1>µVision Build Log</h1>
<h2>Tool Versions:</h2>
IDE-Version: ¦ÌVision V5.15
Copyright (C) 2015 ARM Ltd and ARM Germany GmbH. All rights reserved.
License Information: w AutoBVT, Microsoft, LIC=P6FX7-E6DY0-34QST-RXUD5-YHSEW-RL82T
 
Tool Versions:
Toolchain:       MDK-ARM Professional  Version: 5.15.0
Toolchain Path:  C:\Keil_v5\ARM\ARMCC\Bin
C Compiler:      Armcc.exe V5.05 update 2 (build 169)
Assembler:       Armasm.exe V5.05 update 2 (build 169)
Linker/Locator:  ArmLink.exe V5.05 update 2 (build 169)
Library Manager: ArmAr.exe V5.05 update 2 (build 169)
Hex Converter:   FromElf.exe V5.05 update 2 (build 169)
CPU DLL:         SARMCM3.DLL V5.15.0
Dialog DLL:      DARMSTM.DLL V1.65.0.0
Target DLL:      Segger\JL2CM3.dll V2.99.15.0
Dialog DLL:      TARMSTM.DLL V1.64.0.0
 
<h2>Project:</h2>
\\192.168.138.131\oss\u-things\doc\STM32F10xUSBLib\USBLib\demos\Keyboard\project\RVMDK\JoyStickMouse.uvprojx
Project File Date:  07/08/2017

<h2>Output:</h2>
*** Using Compiler 'V5.05 update 2 (build 169)', folder: 'C:\Keil_v5\ARM\ARMCC\Bin'
Build target 'BOOT_FLASH'
compiling main.c...
..\..\source\main.c(61): warning:  #177-D: variable "offset" was declared but never referenced
        int offset;
..\..\source\main.c: 1 warning, 0 errors
linking...
Program Size: Code=5660 RO-data=464 RW-data=312 ZI-data=1056  
FromELF: creating hex file...
".\Obj\JoyStickMouse.axf" - 0 Error(s), 1 Warning(s).

<h2>Collection of Component include folders:</h2>
  \\192.168.138.131\oss\u-things\doc\STM32F10xUSBLib\USBLib\demos\Keyboard\project\RVMDK\RTE
  C:\Keil_v5\ARM\PACK\Keil\STM32F1xx_DFP\1.1.0\Device\Include

<h2>Collection of Component Files used:</h2>
</pre>
</body>
</html>
